PHPUnit Started (PHPUnit 11.5.55 using PHP 8.2.30 (cli) on WINNT)
Test Runner Configured
Bootstrap Finished (C:\laragon\www\WD34_SanBongLFC\WD34_SanBongLFC\vendor/autoload.php)
Event Facade Sealed
Test Suite Loaded (4 tests)
Test Runner Started
Test Suite Sorted
Test Suite Filtered (1 test)
Test Runner Execution Started (1 test)
Test Suite Started (C:\laragon\www\WD34_SanBongLFC\WD34_SanBongLFC\phpunit.xml, 1 test)
Test Suite Started (Feature, 1 test)
Test Suite Started (Tests\Feature\BookingAvailabilityTest, 1 test)
Test Preparation Started (Tests\Feature\BookingAvailabilityTest::test_it_returns_slot_availability_for_selected_field_and_date)
Before Test Method Called (Tests\Feature\BookingAvailabilityTest::setUp)
Before Test Method Finished:
- Tests\Feature\BookingAvailabilityTest::setUp
Test Prepared (Tests\Feature\BookingAvailabilityTest::test_it_returns_slot_availability_for_selected_field_and_date)
Test Failed (Tests\Feature\BookingAvailabilityTest::test_it_returns_slot_availability_for_selected_field_and_date)
Failed asserting that true is identical to false.
After Test Method Called (Tests\Feature\BookingAvailabilityTest::tearDown)
After Test Method Finished:
- Tests\Feature\BookingAvailabilityTest::tearDown
Test Finished (Tests\Feature\BookingAvailabilityTest::test_it_returns_slot_availability_for_selected_field_and_date)
After Last Test Method Called (Tests\Feature\BookingAvailabilityTest::tearDownAfterClass)
After Last Test Method Finished:
- Tests\Feature\BookingAvailabilityTest::tearDownAfterClass
Test Suite Finished (Tests\Feature\BookingAvailabilityTest, 1 test)
Test Runner Execution Aborted
Test Suite Finished (Feature, 1 test)
Test Suite Finished (C:\laragon\www\WD34_SanBongLFC\WD34_SanBongLFC\phpunit.xml, 1 test)
Test Runner Execution Finished
Test Runner Finished
PHPUnit Finished (Shell Exit Code: 1)
